2026-08-28 16:15:18,000 INFO 关键词: 内射/巨乳/大奶/无套/乘骑 | 爬取页数: 1 | ffmpeg: 未安装(将用纯 Python 模式)
2026-08-28 16:15:18,026 INFO == 列表页 1/1: https://51cg1.com/category/wpcz/1/
2026-08-28 16:15:19,533 WARNING 请求失败(1/3) https://51cg1.com/category/wpcz/1/: 403 Client Error: Forbidden for url: https://51cg1.com/category/wpcz/1/ -> 2s 后重试
2026-08-28 16:15:22,993 WARNING 请求失败(2/3) https://51cg1.com/category/wpcz/1/: 403 Client Error: Forbidden for url: https://51cg1.com/category/wpcz/1/ -> 4s 后重试
2026-08-28 16:15:28,301 WARNING 请求失败(3/3) https://51cg1.com/category/wpcz/1/: 403 Client Error: Forbidden for url: https://51cg1.com/category/wpcz/1/ -> 6s 后重试
2026-08-28 16:19:33,483 INFO 关键词: 内射/巨乳/大奶/无套/乘骑 | 爬取页数: 2 | ffmpeg: 未安装(将用纯 Python 模式)
2026-08-28 16:19:33,485 INFO 检测到系统代理: http://127.0.0.1:7897
2026-08-28 16:19:34,181 INFO 浏览器指纹选定: chrome133a (状态码 200)
2026-08-28 16:19:34,182 INFO == 列表页 1/2: https://51cg1.com/category/wpcz/1/
2026-08-28 16:19:45,962 INFO 关键词: 内射/巨乳/大奶/无套/乘骑 | 爬取页数: 2 | ffmpeg: 未安装(将用纯 Python 模式)
2026-08-28 16:19:45,964 INFO 检测到系统代理: http://127.0.0.1:7897
2026-08-28 16:19:46,569 INFO 浏览器指纹选定: chrome133a (状态码 200)
2026-08-28 16:19:46,569 INFO == 列表页 1/2: https://51cg1.com/category/wpcz/1/
2026-08-28 16:19:47,250 INFO    发现帖子 46 个, 命中关键词 6 个
2026-08-28 16:19:47,250 INFO [dry-run] 命中: 清纯大学生性爱合集流出 身穿制服被男友无套爆操 敏感酮体高潮娇喘不断瓜弟 •2026 年 08 月 28 日 •今日吃瓜, 学生校园 | https://51cg1.com/archives/272883/
2026-08-28 16:19:49,251 INFO [dry-run] 命中: 高人气福利姬 铃木美咲 COS珊瑚宫心海 巨乳白丝激情足交 想要榨精到一滴不剩瓜妞 •2026 年 08 月 28 日 •今日吃瓜, 网红黑料 | https://51cg1.com/archives/272861/
2026-08-28 16:19:51,252 INFO [dry-run] 命中: 日本AV女优 kentontr76 性爱淫作 沙发上被多体位爆操 巨乳狂甩淫态百出！瓜酱 •2026 年 08 月 28 日 •今日吃瓜, 看片娱乐 | https://51cg1.com/archives/272869/
2026-08-28 16:19:53,253 INFO [dry-run] 命中: 推特台湾网红 王雨瑾 假期兼职私拍流出 化身母狗精盆 被金主无套打桩内射瓜小妹 •2026 年 08 月 28 日 •今日吃瓜, 网红黑料 | https://51cg1.com/archives/272827/
2026-08-28 16:19:55,254 INFO [dry-run] 命中: AI成人短剧 沈府秘事 精选版 沈婉清被羞辱调教 巨乳袒露任由践踏！瓜农 •2026 年 08 月 28 日 •今日吃瓜, AI成人短剧 | https://51cg1.com/archives/272778/
2026-08-28 16:19:57,256 INFO [dry-run] 命中: 肥臀福利姬 萌酱 COS碧蓝航线牛牛 巨乳夹屌狂套榨精 奶子大到离谱 谁能扛得住这波诱惑？瓜酱 •2026 年 08 月 28 日 •今日吃瓜, 网红黑料 | https://51cg1.com/archives/272755/
2026-08-28 16:20:01,257 INFO == 列表页 2/2: https://51cg1.com/category/wpcz/2/
2026-08-28 16:20:01,877 INFO    发现帖子 46 个, 命中关键词 5 个
2026-08-28 16:20:01,877 INFO [dry-run] 命中: 小宝探花 酒店约炮巨乳尤物 沙发调情傲人曲线完全展现 骑乘后入动作迅猛节奏强烈瓜弟 •2026 年 08 月 28 日 •今日吃瓜, 探花精选 | https://51cg1.com/archives/272767/
2026-08-28 16:20:03,878 INFO [dry-run] 命中: 瘦猴探花 约炮黑丝骚妹 沙发舌吻调情跪舔肉棒 床上骑乘后入 无套内射宫腔瓜弟 •2026 年 08 月 28 日 •今日吃瓜, 探花精选 | https://51cg1.com/archives/272784/
2026-08-28 16:20:05,879 INFO [dry-run] 命中: BBW巨乳网红 老玉竹 自慰福利 吊钟爆奶软嫩Q弹 肥臀摇摆挑逗视觉效果拉满瓜小妹 •2026 年 08 月 28 日 •今日吃瓜, 网红黑料 | https://51cg1.com/archives/272770/
2026-08-28 16:20:07,880 INFO [dry-run] 命中: AI成人短剧 被潜规则的女孩 4-7集 巨乳女白领遭4p轮奸 沉迷快感彻底沦为禁脔！瓜农 •2026 年 08 月 28 日 •今日吃瓜, AI成人短剧 | https://51cg1.com/archives/272753/
2026-08-28 16:20:09,880 INFO [dry-run] 命中: 欧美高颜值网黄 AnnyWalker 性爱新作 身裹黑丝JK深喉口交 无套打桩狂操白虎嫩穴！瓜婶 •2026 年 08 月 28 日 •今日吃瓜, 看片娱乐 | https://51cg1.com/archives/272855/
2026-08-28 16:20:13,883 INFO 全部完成, 新增下载 0 个
2026-08-28 16:23:22,207 INFO 关键词: 内射/巨乳/大奶/无套/乘骑 | 爬取页数: 1 | ffmpeg: 未安装(将用纯 Python 模式)
2026-08-28 16:23:22,208 INFO 检测到系统代理: http://127.0.0.1:7897
2026-08-28 16:23:23,216 INFO 浏览器指纹选定: chrome133a (状态码 200)
2026-08-28 16:23:23,217 INFO == 列表页 1/1: https://51cg1.com/category/wpcz/1/
2026-08-28 16:23:24,747 INFO    发现帖子 46 个, 命中关键词 5 个
2026-08-28 16:23:24,747 INFO 处理帖子: 清纯大学生性爱合集流出 身穿制服被男友无套爆操 敏感酮体高潮娇喘不断瓜弟 •2026 年 08 月 28 日 •今日吃瓜, 学生校园 | https://51cg1.com/archives/272883/
2026-08-28 16:23:26,249 INFO 找到 m3u8: https://hls.dscxru.cn/videos5/06193535246ba8efe643626883031fbe/06193535246ba8efe643626883031fbe.m3u8?auth_key=1787905325-6a91452dd277c-0-46b65ac416cb3aa2c95cf6e867f2b245&v=3&time=0
2026-08-28 16:23:28,586 INFO HLS 为 AES-128 加密, 已获取密钥(16 字节), 将逐段解密
2026-08-28 16:23:28,586 INFO 纯 Python 拉流, 共 191 个分段
2026-08-28 16:23:39,332 INFO   分段进度 10/191
2026-08-28 16:23:46,004 INFO   分段进度 20/191
2026-08-28 16:23:54,056 INFO   分段进度 30/191
2026-08-28 16:24:02,540 INFO   分段进度 40/191
2026-08-28 16:24:10,982 INFO   分段进度 50/191
2026-08-28 16:24:19,249 INFO   分段进度 60/191
2026-08-28 16:24:25,090 INFO   分段进度 70/191
2026-08-28 16:24:29,889 INFO   分段进度 80/191
2026-08-28 16:24:33,681 INFO   分段进度 90/191
2026-08-28 16:24:38,742 INFO   分段进度 100/191
2026-08-28 16:24:43,289 INFO   分段进度 110/191
2026-08-28 16:24:46,604 INFO   分段进度 120/191
2026-08-28 16:24:49,088 INFO   分段进度 130/191
2026-08-28 16:24:54,266 INFO   分段进度 140/191
2026-08-28 16:24:58,826 INFO   分段进度 150/191
2026-08-28 16:25:07,812 INFO   分段进度 160/191
2026-08-28 16:25:16,821 INFO   分段进度 170/191
2026-08-28 16:25:20,298 INFO   分段进度 180/191
2026-08-28 16:25:26,973 INFO   分段进度 190/191
2026-08-28 16:25:27,539 INFO   分段进度 191/191
2026-08-28 16:25:27,560 INFO 完成: 清纯大学生性爱合集流出 身穿制服被男友无套爆操 敏感酮体高潮娇喘不断瓜弟 •2026 年 08 月 28 日 •今日吃瓜, 学生校园.ts (121.6 MB)
2026-08-28 16:25:29,561 INFO 处理帖子: 高人气福利姬 铃木美咲 COS珊瑚宫心海 巨乳白丝激情足交 想要榨精到一滴不剩瓜妞 •2026 年 08 月 28 日 •今日吃瓜, 网红黑料 | https://51cg1.com/archives/272861/
2026-08-28 16:25:30,521 INFO 找到 m3u8: https://hls.dscxru.cn/videos5/85b214e0951da8e4f247a8ea299ed8aa/85b214e0951da8e4f247a8ea299ed8aa.m3u8?auth_key=1787905165-6a91448db4e35-0-f95567910623ace62bbd7982ce8dc250&v=3&time=0
2026-08-28 16:25:34,598 INFO HLS 为 AES-128 加密, 已获取密钥(16 字节), 将逐段解密
2026-08-28 16:25:34,598 INFO 纯 Python 拉流, 共 201 个分段
2026-08-28 16:25:45,317 INFO   分段进度 10/201
2026-08-28 16:26:06,799 INFO   分段进度 20/201
2026-08-28 16:26:23,911 INFO   分段进度 30/201
2026-08-28 16:26:47,637 INFO   分段进度 40/201
2026-08-28 16:27:09,314 INFO   分段进度 50/201
2026-08-28 16:27:38,303 INFO   分段进度 60/201
2026-08-28 16:28:13,113 INFO   分段进度 70/201
2026-08-28 16:28:43,297 INFO   分段进度 80/201
2026-08-28 16:29:51,451 INFO 关键词: 内射/巨乳/大奶/无套/乘骑 | 爬取页数: 1 | ffmpeg: 未安装(将用纯 Python 模式)
2026-08-28 16:29:51,452 INFO 检测到系统代理: http://127.0.0.1:7897
2026-08-28 16:29:52,245 INFO 浏览器指纹选定: chrome133a (状态码 200)
2026-08-28 16:29:52,246 INFO == 列表页 1/1: https://51cg1.com/category/wpcz/1/
2026-08-28 16:29:52,915 INFO    发现帖子 46 个, 命中关键词 5 个
2026-08-28 16:29:52,916 INFO 处理帖子: 高人气福利姬 铃木美咲 COS珊瑚宫心海 巨乳白丝激情足交 想要榨精到一滴不剩瓜妞 •2026 年 08 月 28 日 •今日吃瓜, 网红黑料 | https://51cg1.com/archives/272861/
2026-08-28 16:29:53,294 INFO 找到 m3u8: https://hls.dscxru.cn/videos5/85b214e0951da8e4f247a8ea299ed8aa/85b214e0951da8e4f247a8ea299ed8aa.m3u8?auth_key=1787905297-6a914511aba8b-0-3ef0be884acd6bb5d59eb240503768c3&v=3&time=0
2026-08-28 16:29:54,097 INFO HLS 为 AES-128 加密, 已获取密钥(16 字节), 将逐段解密
2026-08-28 16:29:54,097 INFO 纯 Python 拉流, 共 201 个分段
2026-08-28 16:30:43,305 INFO   分段进度 10/201
2026-08-28 16:31:33,816 INFO   分段进度 20/201
2026-08-28 16:42:03,541 INFO 关键词: 内射/巨乳/大奶/无套/乘骑 | 爬取页数: 1 | ffmpeg: 未安装(将用纯 Python 模式)
2026-08-28 16:42:03,556 INFO 检测到系统代理: http://127.0.0.1:7897
2026-08-28 16:42:04,144 INFO 浏览器指纹选定: chrome133a (状态码 200)
2026-08-28 16:42:04,161 INFO 会话状态已入库: 指纹=chrome133a, Cookie 0 个(含 cf_clearance=无)
2026-08-28 16:42:04,161 INFO == 列表页 1/1: https://51cg1.com/category/wpcz/1/
2026-08-28 16:42:04,743 INFO    发现帖子 46 个, 命中关键词 4 个
2026-08-28 16:42:04,743 INFO [dry-run] 命中: 高人气福利姬 铃木美咲 COS珊瑚宫心海 巨乳白丝激情足交 想要榨精到一滴不剩瓜妞 •2026 年 08 月 28 日 •今日吃瓜, 网红黑料 | https://51cg1.com/archives/272861/
2026-08-28 16:42:06,744 INFO [dry-run] 命中: 日本AV女优 kentontr76 性爱淫作 沙发上被多体位爆操 巨乳狂甩淫态百出！瓜酱 •2026 年 08 月 28 日 •今日吃瓜, 看片娱乐 | https://51cg1.com/archives/272869/
2026-08-28 16:42:08,745 INFO [dry-run] 命中: 推特台湾网红 王雨瑾 假期兼职私拍流出 化身母狗精盆 被金主无套打桩内射瓜小妹 •2026 年 08 月 28 日 •今日吃瓜, 网红黑料 | https://51cg1.com/archives/272827/
2026-08-28 16:42:12,764 INFO 会话状态已入库: 指纹=chrome133a, Cookie 0 个(含 cf_clearance=无)
2026-08-28 16:42:12,765 INFO 全部完成, 新增下载 0 个
2026-08-28 16:42:18,696 INFO 关键词: 内射/巨乳/大奶/无套/乘骑 | 爬取页数: 1 | ffmpeg: 未安装(将用纯 Python 模式)
2026-08-28 16:42:18,698 INFO 检测到系统代理: http://127.0.0.1:7897
2026-08-28 16:42:19,497 INFO 浏览器指纹选定: chrome133a (状态码 200)
2026-08-28 16:42:19,512 INFO 会话状态已入库: 指纹=chrome133a, Cookie 0 个(含 cf_clearance=无)
2026-08-28 16:42:19,513 INFO == 列表页 1/1: https://51cg1.com/category/wpcz/1/
2026-08-28 16:43:09,093 INFO 关键词: 内射/巨乳/大奶/无套/乘骑 | 爬取页数: 1 | ffmpeg: 未安装(将用纯 Python 模式)
2026-08-28 16:43:09,094 INFO 检测到系统代理: http://127.0.0.1:7897
2026-08-28 16:43:09,727 INFO 浏览器指纹选定: chrome133a (状态码 200)
2026-08-28 16:43:09,740 INFO 会话状态已入库: 指纹=chrome133a, Cookie 0 个(含 cf_clearance=无)
2026-08-28 16:43:09,740 INFO == 列表页 1/1: https://51cg1.com/category/wpcz/1/
2026-08-28 16:45:22,812 INFO 关键词: 内射/巨乳/大奶/无套/乘骑 | 爬取页数: 4 | ffmpeg: 未安装(将用纯 Python 模式)
2026-08-28 16:45:22,814 INFO 检测到系统代理: http://127.0.0.1:7897
2026-08-28 16:45:23,406 INFO 浏览器指纹选定: chrome133a (状态码 200)
2026-08-28 16:45:23,429 INFO 会话状态已入库: 指纹=chrome133a, Cookie 0 个(含 cf_clearance=无)
2026-08-28 16:45:23,430 INFO == 列表页 1/4: https://51cg1.com/category/wpcz/1/
2026-08-28 16:45:24,056 INFO    发现帖子 46 个, 命中关键词 4 个
2026-08-28 16:45:24,057 INFO 处理帖子: 高人气福利姬 铃木美咲 COS珊瑚宫心海 巨乳白丝激情足交 想要榨精到一滴不剩瓜妞 •2026 年 08 月 28 日 •今日吃瓜, 网红黑料 | https://51cg1.com/archives/272861/
2026-08-28 16:45:24,608 INFO 找到 m3u8: https://hls.dscxru.cn/videos5/85b214e0951da8e4f247a8ea299ed8aa/85b214e0951da8e4f247a8ea299ed8aa.m3u8?auth_key=1787906277-6a9148e54b876-0-c3a793ba931a19ebc8436b7f871fb16f&v=3&time=0
2026-08-28 16:45:26,816 INFO HLS 为 AES-128 加密, 已获取密钥(16 字节), 将逐段解密
2026-08-28 16:45:26,816 INFO 纯 Python 拉流, 共 201 个分段
2026-08-28 16:45:50,387 INFO   分段进度 10/201
2026-08-28 16:46:15,036 INFO   分段进度 20/201
2026-08-28 16:46:34,653 INFO   分段进度 30/201
2026-08-28 16:46:56,798 INFO   分段进度 40/201
2026-08-28 16:47:21,374 INFO   分段进度 50/201
2026-08-28 16:47:42,094 INFO   分段进度 60/201
2026-08-28 16:48:16,119 INFO   分段进度 70/201
2026-08-28 16:48:37,254 INFO   分段进度 80/201
2026-08-28 16:48:59,062 INFO   分段进度 90/201
2026-08-28 16:49:16,286 INFO   分段进度 100/201
2026-08-28 16:49:35,708 INFO   分段进度 110/201
2026-08-28 16:49:53,304 INFO   分段进度 120/201
2026-08-28 16:50:17,164 INFO   分段进度 130/201
2026-08-28 16:50:42,080 INFO   分段进度 140/201
2026-08-28 16:51:04,227 INFO   分段进度 150/201
2026-08-28 16:51:26,994 INFO   分段进度 160/201
2026-08-28 16:51:55,177 INFO   分段进度 170/201
2026-08-28 16:52:16,303 INFO   分段进度 180/201
2026-08-28 16:52:37,001 INFO   分段进度 190/201
2026-08-28 16:53:06,400 INFO   分段进度 200/201
2026-08-28 16:53:07,312 INFO   分段进度 201/201
2026-08-28 16:53:07,329 INFO 完成: 高人气福利姬 铃木美咲 COS珊瑚宫心海 巨乳白丝激情足交 想要榨精到一滴不剩瓜妞 •2026 年 08 月 28 日 •今日吃瓜, 网红黑料.ts (326.7 MB)
2026-08-28 16:53:09,331 INFO 处理帖子: 日本AV女优 kentontr76 性爱淫作 沙发上被多体位爆操 巨乳狂甩淫态百出！瓜酱 •2026 年 08 月 28 日 •今日吃瓜, 看片娱乐 | https://51cg1.com/archives/272869/
2026-08-28 16:53:09,957 INFO 找到 m3u8: https://hls.dscxru.cn/videos5/9e24daec7e9f8d05509a213300458e82/9e24daec7e9f8d05509a213300458e82.m3u8?auth_key=1787907127-6a914c3757562-0-8623b98c6e612b1dc7bf40a923d11a6d&v=3&time=0
2026-08-28 16:53:17,934 INFO HLS 为 AES-128 加密, 已获取密钥(16 字节), 将逐段解密
2026-08-28 16:53:17,935 INFO 纯 Python 拉流, 共 1589 个分段
2026-08-28 16:53:42,424 INFO   分段进度 10/1589
2026-08-28 16:54:10,302 INFO   分段进度 20/1589
2026-08-28 16:54:32,998 INFO   分段进度 30/1589
2026-08-28 16:54:46,844 INFO   分段进度 40/1589
2026-08-28 16:55:02,150 INFO   分段进度 50/1589
2026-08-28 16:55:13,989 INFO   分段进度 60/1589
2026-08-28 16:55:28,594 INFO   分段进度 70/1589
2026-08-28 16:55:36,878 INFO   分段进度 80/1589
2026-08-28 16:55:46,303 INFO   分段进度 90/1589
2026-08-28 16:56:09,305 INFO   分段进度 100/1589
2026-08-28 16:56:26,201 INFO   分段进度 110/1589
2026-08-28 16:56:37,382 INFO   分段进度 120/1589
2026-08-28 16:56:49,422 INFO   分段进度 130/1589
2026-08-28 16:57:05,967 INFO   分段进度 140/1589
2026-08-28 16:57:16,857 INFO   分段进度 150/1589
2026-08-28 16:57:28,375 INFO   分段进度 160/1589
2026-08-28 16:57:41,822 INFO   分段进度 170/1589
2026-08-28 16:57:55,270 INFO   分段进度 180/1589
2026-08-28 16:58:08,400 INFO   分段进度 190/1589
2026-08-28 16:58:25,386 INFO   分段进度 200/1589
2026-08-28 16:58:35,802 INFO   分段进度 210/1589
2026-08-28 16:58:45,083 INFO   分段进度 220/1589
2026-08-28 16:59:06,868 INFO   分段进度 230/1589
2026-08-28 16:59:20,959 INFO   分段进度 240/1589
2026-08-28 16:59:44,340 INFO   分段进度 250/1589
2026-08-28 17:00:33,236 INFO   分段进度 260/1589
2026-08-28 17:00:43,378 INFO   分段进度 270/1589
2026-08-28 17:00:55,033 INFO   分段进度 280/1589
2026-08-28 17:01:03,746 INFO   分段进度 290/1589
2026-08-28 17:01:11,339 INFO   分段进度 300/1589
2026-08-28 17:01:20,032 INFO   分段进度 310/1589
2026-08-28 17:01:27,331 INFO   分段进度 320/1589
2026-08-28 17:01:34,341 INFO   分段进度 330/1589
2026-08-28 17:01:45,979 INFO   分段进度 340/1589
2026-08-28 17:01:56,446 INFO   分段进度 350/1589
2026-08-28 17:02:14,098 INFO   分段进度 360/1589
2026-08-28 17:02:29,134 INFO   分段进度 370/1589
2026-08-28 17:02:39,354 INFO   分段进度 380/1589
2026-08-28 17:02:48,347 INFO   分段进度 390/1589
2026-08-28 17:02:57,654 INFO   分段进度 400/1589
2026-08-28 17:03:11,303 INFO   分段进度 410/1589
2026-08-28 17:03:18,356 INFO   分段进度 420/1589
2026-08-28 17:03:37,376 INFO   分段进度 430/1589
2026-08-28 17:03:46,263 INFO   分段进度 440/1589
2026-08-28 17:03:55,451 INFO   分段进度 450/1589
2026-08-28 17:04:10,384 INFO   分段进度 460/1589
2026-08-28 17:04:26,609 INFO   分段进度 470/1589
2026-08-28 17:04:40,312 INFO   分段进度 480/1589
2026-08-28 17:04:52,961 INFO   分段进度 490/1589
2026-08-28 17:05:11,693 INFO   分段进度 500/1589
2026-08-28 17:05:28,255 INFO   分段进度 510/1589
2026-08-28 17:05:49,939 INFO   分段进度 520/1589
2026-08-28 17:06:09,174 INFO   分段进度 530/1589
2026-08-28 17:06:24,267 INFO   分段进度 540/1589
2026-08-28 17:06:35,107 INFO   分段进度 550/1589
2026-08-28 17:06:41,044 INFO   分段进度 560/1589
2026-08-28 17:06:48,148 INFO   分段进度 570/1589
2026-08-28 17:06:52,907 INFO   分段进度 580/1589
2026-08-28 17:07:00,114 INFO   分段进度 590/1589
2026-08-28 17:07:09,317 INFO   分段进度 600/1589
2026-08-28 17:07:16,931 INFO   分段进度 610/1589
2026-08-28 17:07:26,324 INFO   分段进度 620/1589
2026-08-28 17:07:38,310 INFO   分段进度 630/1589
2026-08-28 17:07:50,287 INFO   分段进度 640/1589
2026-08-28 17:07:59,811 INFO   分段进度 650/1589
2026-08-28 17:08:15,036 INFO   分段进度 660/1589
2026-08-28 17:08:27,896 INFO   分段进度 670/1589
2026-08-28 17:08:39,939 INFO   分段进度 680/1589
2026-08-28 17:08:54,637 INFO   分段进度 690/1589
2026-08-28 17:09:05,442 INFO   分段进度 700/1589
2026-08-28 17:09:22,447 INFO   分段进度 710/1589
2026-08-28 17:09:34,250 INFO   分段进度 720/1589
2026-08-28 17:09:45,482 INFO   分段进度 730/1589
2026-08-28 17:09:56,475 INFO   分段进度 740/1589
2026-08-28 17:10:08,405 INFO   分段进度 750/1589
2026-08-28 17:10:18,456 INFO   分段进度 760/1589
2026-08-28 17:10:28,563 INFO   分段进度 770/1589
2026-08-28 17:10:35,033 INFO   分段进度 780/1589
2026-08-28 17:10:42,452 INFO   分段进度 790/1589
2026-08-28 17:10:52,530 INFO   分段进度 800/1589
2026-08-28 17:11:01,276 INFO   分段进度 810/1589
2026-08-28 17:11:08,486 INFO   分段进度 820/1589
2026-08-28 17:11:15,137 INFO   分段进度 830/1589
2026-08-28 17:11:21,310 INFO   分段进度 840/1589
2026-08-28 17:11:30,369 INFO   分段进度 850/1589
2026-08-28 17:11:36,447 INFO   分段进度 860/1589
2026-08-28 17:11:47,303 INFO   分段进度 870/1589
2026-08-28 17:11:52,963 INFO   分段进度 880/1589
2026-08-28 17:11:58,481 INFO   分段进度 890/1589
2026-08-28 17:12:05,209 INFO   分段进度 900/1589
2026-08-28 17:12:11,734 INFO   分段进度 910/1589
2026-08-28 17:12:19,025 INFO   分段进度 920/1589
2026-08-28 17:12:25,528 INFO   分段进度 930/1589
2026-08-28 17:12:32,343 INFO   分段进度 940/1589
2026-08-28 17:12:40,400 INFO   分段进度 950/1589
2026-08-28 17:12:52,358 INFO   分段进度 960/1589
2026-08-28 17:13:02,451 INFO   分段进度 970/1589
2026-08-28 17:13:11,484 INFO   分段进度 980/1589
2026-08-28 17:13:25,634 INFO   分段进度 990/1589
2026-08-28 17:13:39,692 INFO   分段进度 1000/1589
2026-08-28 17:13:47,047 INFO   分段进度 1010/1589
2026-08-28 17:13:58,240 INFO   分段进度 1020/1589
2026-08-28 17:14:09,092 INFO   分段进度 1030/1589
2026-08-28 17:14:26,496 INFO   分段进度 1040/1589
2026-08-28 17:14:37,362 INFO   分段进度 1050/1589
2026-08-28 17:14:45,590 INFO   分段进度 1060/1589
2026-08-28 17:14:56,655 INFO   分段进度 1070/1589
2026-08-28 17:15:08,504 INFO   分段进度 1080/1589
2026-08-28 17:15:18,562 INFO   分段进度 1090/1589
2026-08-28 17:15:29,424 INFO   分段进度 1100/1589
2026-08-28 17:15:39,427 INFO   分段进度 1110/1589
2026-08-28 17:15:50,763 INFO   分段进度 1120/1589
2026-08-28 17:15:57,516 INFO   分段进度 1130/1589
2026-08-28 17:16:05,059 INFO   分段进度 1140/1589
2026-08-28 17:16:13,758 INFO   分段进度 1150/1589
2026-08-28 17:16:23,972 INFO   分段进度 1160/1589
2026-08-28 17:16:30,487 INFO   分段进度 1170/1589
2026-08-28 17:16:40,542 INFO   分段进度 1180/1589
2026-08-28 17:16:46,608 INFO   分段进度 1190/1589
2026-08-28 17:16:51,138 INFO   分段进度 1200/1589
2026-08-28 17:16:56,303 INFO   分段进度 1210/1589
2026-08-28 17:17:00,838 INFO   分段进度 1220/1589
2026-08-28 17:17:06,613 INFO   分段进度 1230/1589
2026-08-28 17:17:11,791 INFO   分段进度 1240/1589
2026-08-28 17:17:17,510 INFO   分段进度 1250/1589
2026-08-28 17:17:23,050 INFO   分段进度 1260/1589
2026-08-28 17:17:29,639 INFO   分段进度 1270/1589
2026-08-28 17:17:38,648 INFO   分段进度 1280/1589
2026-08-28 17:17:45,757 INFO   分段进度 1290/1589
2026-08-28 17:17:55,592 INFO   分段进度 1300/1589
2026-08-28 17:18:01,104 INFO   分段进度 1310/1589
2026-08-28 17:18:08,530 INFO   分段进度 1320/1589
2026-08-28 17:18:14,889 INFO   分段进度 1330/1589
2026-08-28 17:18:20,329 INFO   分段进度 1340/1589
2026-08-28 17:18:26,847 INFO   分段进度 1350/1589
2026-08-28 17:18:34,033 INFO   分段进度 1360/1589
2026-08-28 17:18:38,857 INFO   分段进度 1370/1589
2026-08-28 17:18:47,450 INFO   分段进度 1380/1589
2026-08-28 17:18:53,734 INFO   分段进度 1390/1589
2026-08-28 17:18:59,492 INFO   分段进度 1400/1589
2026-08-28 17:19:04,383 INFO   分段进度 1410/1589
2026-08-28 17:19:11,372 INFO   分段进度 1420/1589
2026-08-28 17:19:17,388 INFO   分段进度 1430/1589
2026-08-28 17:19:21,724 INFO   分段进度 1440/1589
2026-08-28 17:19:27,079 INFO   分段进度 1450/1589
2026-08-28 17:19:32,784 INFO   分段进度 1460/1589
2026-08-28 17:19:39,283 INFO   分段进度 1470/1589
2026-08-28 17:19:45,392 INFO   分段进度 1480/1589
2026-08-28 17:19:50,214 INFO   分段进度 1490/1589
2026-08-28 17:19:56,873 INFO   分段进度 1500/1589
2026-08-28 17:20:06,878 INFO   分段进度 1510/1589
2026-08-28 17:20:15,271 INFO   分段进度 1520/1589
2026-08-28 17:20:22,739 INFO   分段进度 1530/1589
2026-08-28 17:20:29,667 INFO   分段进度 1540/1589
2026-08-28 17:20:35,240 INFO   分段进度 1550/1589
2026-08-28 17:20:40,710 INFO   分段进度 1560/1589
2026-08-28 17:20:45,737 INFO   分段进度 1570/1589
2026-08-28 17:20:52,640 INFO   分段进度 1580/1589
2026-08-28 17:20:56,804 INFO   分段进度 1589/1589
2026-08-28 17:20:56,820 INFO 完成: 日本AV女优 kentontr76 性爱淫作 沙发上被多体位爆操 巨乳狂甩淫态百出！瓜酱 •2026 年 08 月 28 日 •今日吃瓜, 看片娱乐.ts (2362.4 MB)
2026-08-28 17:20:58,821 INFO 处理帖子: 推特台湾网红 王雨瑾 假期兼职私拍流出 化身母狗精盆 被金主无套打桩内射瓜小妹 •2026 年 08 月 28 日 •今日吃瓜, 网红黑料 | https://51cg1.com/archives/272827/
2026-08-28 17:20:59,623 INFO 找到 m3u8: https://hls.dscxru.cn/videos5/35a4a3820a946ced3b23029994461a53/35a4a3820a946ced3b23029994461a53.m3u8?auth_key=1787908558-6a9151ce46aa0-0-1cad14a34879d53713f9f2e2f01ca16c&v=3&time=0
2026-08-28 17:21:00,285 INFO HLS 为 AES-128 加密, 已获取密钥(16 字节), 将逐段解密
2026-08-28 17:21:00,285 INFO 纯 Python 拉流, 共 59 个分段
2026-08-28 17:21:04,160 INFO   分段进度 10/59
2026-08-28 17:21:07,489 INFO   分段进度 20/59
2026-08-28 17:21:10,414 INFO   分段进度 30/59
2026-08-28 17:21:13,585 INFO   分段进度 40/59
2026-08-28 17:21:18,781 INFO   分段进度 50/59
2026-08-28 17:21:21,271 INFO   分段进度 59/59
2026-08-28 17:21:21,287 INFO 完成: 推特台湾网红 王雨瑾 假期兼职私拍流出 化身母狗精盆 被金主无套打桩内射瓜小妹 •2026 年 08 月 28 日 •今日吃瓜, 网红黑料.ts (63.9 MB)
2026-08-28 17:21:25,289 INFO == 列表页 2/4: https://51cg1.com/category/wpcz/2/
2026-08-28 17:21:25,800 INFO    发现帖子 46 个, 命中关键词 8 个
2026-08-28 17:21:25,801 INFO 处理帖子: AI成人短剧 沈府秘事 精选版 沈婉清被羞辱调教 巨乳袒露任由践踏！瓜农 •2026 年 08 月 28 日 •今日吃瓜, AI成人短剧 | https://51cg1.com/archives/272778/
2026-08-28 17:21:26,039 INFO 找到 m3u8: https://hls.dscxru.cn/videos5/48a09b32aea186cdd12c364e32b9b7f5/48a09b32aea186cdd12c364e32b9b7f5.m3u8?auth_key=1787908646-6a915226d7aec-0-12d0b9d2baf3e8d410e12ccd493206bf&v=3&time=0
2026-08-28 17:21:26,815 INFO HLS 为 AES-128 加密, 已获取密钥(16 字节), 将逐段解密
2026-08-28 17:21:26,815 INFO 纯 Python 拉流, 共 55 个分段
2026-08-28 17:21:32,808 INFO   分段进度 10/55
2026-08-28 17:21:38,778 INFO   分段进度 20/55
2026-08-28 17:21:44,536 INFO   分段进度 30/55
2026-08-28 17:21:50,620 INFO   分段进度 40/55
2026-08-28 17:21:55,617 INFO   分段进度 50/55
2026-08-28 17:21:57,773 INFO   分段进度 55/55
2026-08-28 17:21:57,782 INFO 完成: AI成人短剧 沈府秘事 精选版 沈婉清被羞辱调教 巨乳袒露任由践踏！瓜农 •2026 年 08 月 28 日 •今日吃瓜, AI成人短剧.ts (91.5 MB)
2026-08-28 17:21:59,784 INFO 处理帖子: 肥臀福利姬 萌酱 COS碧蓝航线牛牛 巨乳夹屌狂套榨精 奶子大到离谱 谁能扛得住这波诱惑？瓜酱 •2026 年 08 月 28 日 •今日吃瓜, 网红黑料 | https://51cg1.com/archives/272755/
2026-08-28 17:22:00,216 INFO 找到 m3u8: https://hls.dscxru.cn/videos5/3c3867d2d8f23d74af1fb2ab0cbb1aa6/3c3867d2d8f23d74af1fb2ab0cbb1aa6.m3u8?auth_key=1787908617-6a91520953673-0-d73595c72c7654973195773bee194bf6&v=3&time=0
2026-08-28 17:22:01,201 INFO HLS 为 AES-128 加密, 已获取密钥(16 字节), 将逐段解密
2026-08-28 17:22:01,202 INFO 纯 Python 拉流, 共 121 个分段
2026-08-28 17:22:06,024 INFO   分段进度 10/121
2026-08-28 17:22:10,467 INFO   分段进度 20/121
2026-08-28 17:22:14,453 INFO   分段进度 30/121
2026-08-28 17:22:18,328 INFO   分段进度 40/121
2026-08-28 17:22:23,183 INFO   分段进度 50/121
2026-08-28 17:22:27,068 INFO   分段进度 60/121
2026-08-28 17:22:31,717 INFO   分段进度 70/121
2026-08-28 17:22:37,742 INFO   分段进度 80/121
2026-08-28 17:22:44,119 INFO   分段进度 90/121
2026-08-28 17:22:50,335 INFO   分段进度 100/121
2026-08-28 17:22:57,979 INFO   分段进度 110/121
2026-08-28 17:23:03,684 INFO   分段进度 120/121
2026-08-28 17:23:04,109 INFO   分段进度 121/121
2026-08-28 17:23:04,122 INFO 完成: 肥臀福利姬 萌酱 COS碧蓝航线牛牛 巨乳夹屌狂套榨精 奶子大到离谱 谁能扛得住这波诱惑？瓜酱 •2026 年 08 月 28 日 •今日吃瓜, 网红黑料.ts (182.1 MB)
2026-08-28 17:23:06,124 INFO 处理帖子: 小宝探花 酒店约炮巨乳尤物 沙发调情傲人曲线完全展现 骑乘后入动作迅猛节奏强烈瓜弟 •2026 年 08 月 28 日 •今日吃瓜, 探花精选 | https://51cg1.com/archives/272767/
2026-08-28 17:23:06,447 INFO 找到 m3u8: https://hls.dscxru.cn/videos5/4d7cbd424554a748e91d38a841d40925/4d7cbd424554a748e91d38a841d40925.m3u8?auth_key=1787908866-6a915302e59b9-0-de1babe1a4e8de7a24b6ded847c031f2&v=3&time=0
2026-08-28 17:23:09,798 INFO HLS 为 AES-128 加密, 已获取密钥(16 字节), 将逐段解密
2026-08-28 17:23:09,798 INFO 纯 Python 拉流, 共 712 个分段
2026-08-28 17:23:13,637 INFO   分段进度 10/712
2026-08-28 17:23:15,618 INFO   分段进度 20/712
2026-08-28 17:23:17,402 INFO   分段进度 30/712
2026-08-28 17:23:18,908 INFO   分段进度 40/712
2026-08-28 17:23:21,366 INFO   分段进度 50/712
2026-08-28 17:23:24,182 INFO   分段进度 60/712
2026-08-28 17:23:27,421 INFO   分段进度 70/712
2026-08-28 17:23:31,476 INFO   分段进度 80/712
2026-08-28 17:23:35,533 INFO   分段进度 90/712
2026-08-28 17:23:40,735 INFO   分段进度 100/712
2026-08-28 17:23:44,646 INFO   分段进度 110/712
2026-08-28 17:23:48,279 INFO   分段进度 120/712
2026-08-28 17:23:51,587 INFO   分段进度 130/712
2026-08-28 17:28:37,384 INFO 关键词: 内射/巨乳/大奶/无套/乘骑 | 爬取页数: 4 | ffmpeg: 未安装(将用纯 Python 模式)
2026-08-28 17:28:37,385 INFO 检测到系统代理: http://127.0.0.1:7897
2026-08-28 17:28:37,956 INFO 浏览器指纹选定: chrome133a (状态码 200)
2026-08-28 17:28:37,973 INFO 会话状态已入库: 指纹=chrome133a, Cookie 0 个(含 cf_clearance=无)
2026-08-28 17:28:37,973 INFO == 列表页 1/4: https://51cg1.com/category/wpcz/1/
2026-08-28 17:28:38,656 INFO    发现帖子 46 个, 命中关键词 3 个
2026-08-28 17:28:38,657 INFO    本页命中帖子全部已下载过, 新内容在最前页, 提前停止翻页
2026-08-28 17:28:38,669 INFO 会话状态已入库: 指纹=chrome133a, Cookie 0 个(含 cf_clearance=无)
2026-08-28 17:28:38,671 INFO 全部完成, 新增下载 0 个
